All pair shortest distances
      0      4    238
    inf      0    234
    inf      5      0
